<?xml version='1.0' encoding='utf-8'?>
<wsdl:definitions xmlns:wsdl="http://schemas.xmlsoap.org/wsdl/" xmlns:xsd="http://www.w3.org/2001/XMLSchema" xmlns:soap="http://schemas.xmlsoap.org/wsdl/soap/" xmlns:wsam="http://www.w3.org/2007/05/addressing/metadata" name="foo">
  <wsdl:types>
    <xsd:schema version="1.0.0">
      <!-- ::: -->
      <xsd:simpleType name="stText35">
        <xsd:restriction base="xsd:string">
          <xsd:minLength value="1"/>
          <xsd:maxLength value="35"/>
        </xsd:restriction>
      </xsd:simpleType>
      <!--Simple type-->
      <xsd:simpleType name="stText16">
        <xsd:restriction base="xsd:string">
          <xsd:minLength value="1"/>
          <xsd:maxLength value="16"/>
        </xsd:restriction>
      </xsd:simpleType>
      <xsd:simpleType name="stIdFoo">
        <xsd:annotation>
          <xsd:documentation>
A foo that dabbled its doodles.
      </xsd:documentation>
        </xsd:annotation>
        <xsd:restriction base="xsd:string">
          <xsd:minLength value="1"/>
          <xsd:maxLength value="35"/>
        </xsd:restriction>
      </xsd:simpleType>
    </xsd:schema>
  </wsdl:types>
  <wsdl:message name="quuxMessage">
    <wsdl:part name="fault" element="stText16"/>
  </wsdl:message>
</wsdl:definitions>
